  Determining projects to restore...
  All projects are up-to-date for restore.
C:\Users\filip\OneDrive\Documents\My Games\Terraria\tModLoader\ModSources\OSTARsSWORDS\Rarities\Ancient.cs(21,21): warning CS0414: The field 'Ancient.isFlashing' is assigned but its value is never used [C:\Users\filip\OneDrive\Documents\My Games\Terraria\tModLoader\ModSources\OSTARsSWORDS\OSTARsSWORDS.csproj]
C:\Users\filip\OneDrive\Documents\My Games\Terraria\tModLoader\ModSources\OSTARsSWORDS\Rarities\Ancient.cs(20,22): warning CS0414: The field 'Ancient.lastFlashTime' is assigned but its value is never used [C:\Users\filip\OneDrive\Documents\My Games\Terraria\tModLoader\ModSources\OSTARsSWORDS\OSTARsSWORDS.csproj]
  OSTARsSWORDS -> C:\Users\filip\OneDrive\Documents\My Games\Terraria\tModLoader\ModSources\OSTARsSWORDS\bin\Debug\net8.0\OSTARsSWORDS.dll
  Reading properties: OSTARsSWORDS
  Building: OSTARsSWORDS
  Edit and continue path: C:\Users\filip\OneDrive\Documents\My Games\Terraria\tModLoader\ModSources\OSTARsSWORDS\bin\Debug\net8.0\OSTARsSWORDS.pdb
  Loading pre-compiled OSTARsSWORDS.dll from OSTARsSWORDS.dll
  Packaging: OSTARsSWORDS
tModLoader : Mod Build error TML001: One or more errors occurred. (The process cannot access the file 'C:\Users\filip\OneDrive\Documents\My Games\Terraria\tModLoader\ModSources\OSTARsSWORDS\build_output.txt' because it is being used by another process.) [C:\Users\filip\OneDrive\Documents\My Games\Terraria\tModLoader\ModSources\OSTARsSWORDS\OSTARsSWORDS.csproj]
C:\Program Files (x86)\Steam\steamapps\common\tModLoader\tMLMod.targets(59,3): error MSB3073: The command "dotnet tModLoader.dll -server -build C:\Users\filip\OneDrive\Documents\My Games\Terraria\tModLoader\ModSources\OSTARsSWORDS\ -eac C:\Users\filip\OneDrive\Documents\My Games\Terraria\tModLoader\ModSources\OSTARsSWORDS\bin\Debug\net8.0\OSTARsSWORDS.dll -define "TRACE;JETBRAINS_ANNOTATIONS;TML_2025_12;DEBUG;NET;NET8_0;NETCOREAPP;NET5_0_OR_GREATER;NET6_0_OR_GREATER;NET7_0_OR_GREATER;NET8_0_OR_GREATER;NETCOREAPP1_0_OR_GREATER;NETCOREAPP1_1_OR_GREATER;NETCOREAPP2_0_OR_GREATER;NETCOREAPP2_1_OR_GREATER;NETCOREAPP2_2_OR_GREATER;NETCOREAPP3_0_OR_GREATER;NETCOREAPP3_1_OR_GREATER" -unsafe false " exited with code 1. [C:\Users\filip\OneDrive\Documents\My Games\Terraria\tModLoader\ModSources\OSTARsSWORDS\OSTARsSWORDS.csproj]

Build FAILED.

C:\Users\filip\OneDrive\Documents\My Games\Terraria\tModLoader\ModSources\OSTARsSWORDS\Rarities\Ancient.cs(21,21): warning CS0414: The field 'Ancient.isFlashing' is assigned but its value is never used [C:\Users\filip\OneDrive\Documents\My Games\Terraria\tModLoader\ModSources\OSTARsSWORDS\OSTARsSWORDS.csproj]
C:\Users\filip\OneDrive\Documents\My Games\Terraria\tModLoader\ModSources\OSTARsSWORDS\Rarities\Ancient.cs(20,22): warning CS0414: The field 'Ancient.lastFlashTime' is assigned but its value is never used [C:\Users\filip\OneDrive\Documents\My Games\Terraria\tModLoader\ModSources\OSTARsSWORDS\OSTARsSWORDS.csproj]
tModLoader : Mod Build error TML001: One or more errors occurred. (The process cannot access the file 'C:\Users\filip\OneDrive\Documents\My Games\Terraria\tModLoader\ModSources\OSTARsSWORDS\build_output.txt' because it is being used by another process.) [C:\Users\filip\OneDrive\Documents\My Games\Terraria\tModLoader\ModSources\OSTARsSWORDS\OSTARsSWORDS.csproj]
C:\Program Files (x86)\Steam\steamapps\common\tModLoader\tMLMod.targets(59,3): error MSB3073: The command "dotnet tModLoader.dll -server -build C:\Users\filip\OneDrive\Documents\My Games\Terraria\tModLoader\ModSources\OSTARsSWORDS\ -eac C:\Users\filip\OneDrive\Documents\My Games\Terraria\tModLoader\ModSources\OSTARsSWORDS\bin\Debug\net8.0\OSTARsSWORDS.dll -define "TRACE;JETBRAINS_ANNOTATIONS;TML_2025_12;DEBUG;NET;NET8_0;NETCOREAPP;NET5_0_OR_GREATER;NET6_0_OR_GREATER;NET7_0_OR_GREATER;NET8_0_OR_GREATER;NETCOREAPP1_0_OR_GREATER;NETCOREAPP1_1_OR_GREATER;NETCOREAPP2_0_OR_GREATER;NETCOREAPP2_1_OR_GREATER;NETCOREAPP2_2_OR_GREATER;NETCOREAPP3_0_OR_GREATER;NETCOREAPP3_1_OR_GREATER" -unsafe false " exited with code 1. [C:\Users\filip\OneDrive\Documents\My Games\Terraria\tModLoader\ModSources\OSTARsSWORDS\OSTARsSWORDS.csproj]
    2 Warning(s)
    2 Error(s)

Time Elapsed 00:00:05.16
